[debug] > Exec(early(addDefaultCommands), None, None)
[debug] > Exec(addDefaultCommands, None, None)
[debug] > Exec(early(initialize), None, None)
[debug] > Exec(initialize, None, None)
[debug] > Exec(boot, None, None)
[debug] > Exec(writeSbtVersion, None, None)
[debug] > Exec(reload, None, None)
[debug] > Exec(sbtStashOnFailure, None, None)
[debug] > Exec(onFailure loadFailed, None, None)
[debug] > Exec(loadp, None, None)
[info] welcome to sbt 1.12.8 (Amazon.com Inc. Java 21.0.8)
[debug] Load.defaultLoad until apply took 314.0988ms
[debug]           Load.loadUnit: plugins took 188.0344ms
[debug]           Load.loadUnit: defsScala took 0.5077ms
[debug] [Loading] Scanning directory C:\Users\SANTIAGO DUQUE\Documents\Universidad\2026-1\procesadores\GymSript\project
[debug] [Loading] Found non-root projects 
[debug] [Loading] Done in C:\Users\SANTIAGO DUQUE\Documents\Universidad\2026-1\procesadores\GymSript\project, returning: ()
[debug] deducing auto plugins based on known facts Set(Atom(sbt.plugins.CorePlugin)) and clauses Clauses(Clause(Atom(sbt.plugins.JvmPlugin),Set(Atom(sbt.plugins.IvyPlugin)))
[debug] Clause(Atom(sbt.ScriptedPlugin),Set(Atom(sbt.plugins.JvmPlugin)))
[debug] Clause(Atom(sbt.plugins.SbtPlugin),Set(Atom(sbt.ScriptedPlugin)))
[debug] Clause(Atom(sbt.plugins.SemanticdbPlugin),Set(Atom(sbt.plugins.JvmPlugin)))
[debug] Clause(Atom(sbt.plugins.JUnitXmlReportPlugin),Set(Atom(sbt.plugins.JvmPlugin)))
[debug] Clause(Atom(sbt.plugins.MiniDependencyTreePlugin),Set(Atom(sbt.plugins.JvmPlugin)))
[debug] Clause(Atom(sbt.plugins.CorePlugin),Set(Atom(sbt.plugins.IvyPlugin)))
[debug] Clause(Atom(sbt.plugins.IvyPlugin),Set(Atom(sbt.plugins.JvmPlugin)))
[debug] Clause(Atom(sbt.plugins.JvmPlugin),Set(Atom(sbt.plugins.SemanticdbPlugin)))
[debug] Clause(Atom(sbt.plugins.JvmPlugin),Set(Atom(sbt.plugins.JUnitXmlReportPlugin)))
[debug] Clause(Atom(sbt.plugins.CorePlugin),Set(Atom(sbt.plugins.Giter8TemplatePlugin)))
[debug] Clause(Atom(sbt.plugins.JvmPlugin),Set(Atom(sbt.plugins.MiniDependencyTreePlugin))))
[debug]   :: deduced result: Matched(sbt.plugins.CorePlugin,sbt.plugins.Giter8TemplatePlugin,sbt.plugins.IvyPlugin,sbt.plugins.JvmPlugin,sbt.plugins.MiniDependencyTreePlugin,sbt.plugins.JUnitXmlReportPlugin,sbt.plugins.SemanticdbPlugin)
[debug] Plugins.deducer#function took 35.038 ms
[debug]               Load.resolveProject(gymsript-build) took 204.2508ms
[debug]             Load.loadTransitive: finalizeProject(Project(id gymsript-build, base: C:\Users\SANTIAGO DUQUE\Documents\Universidad\2026-1\procesadores\GymSript\project, plugins: List(<none>))) took 373.0279ms
[debug] [Loading] Done in C:\Users\SANTIAGO DUQUE\Documents\Universidad\2026-1\procesadores\GymSript\project, returning: (gymsript-build)
[debug]           Load.loadUnit: loadedProjectsRaw took 413.0244ms
[debug]           Load.loadUnit: cleanEvalClasses took 0.3544ms
[debug]         Load.loadUnit(file:/C:/Users/SANTIAGO%20DUQUE/Documents/Universidad/2026-1/procesadores/GymSript/project/, ...) took 616.4888ms
[debug]       Load.apply: load took 1242.9897ms
[debug]       Load.apply: resolveProjects took 12.2138ms
[debug]       Load.apply: finalTransforms took 195.4004ms
[debug]       Load.apply: config.delegates took 12.5103ms
[debug]       Load.apply: Def.make(settings)... took 1118.7891ms
[debug]       Load.apply: structureIndex took 260.0532ms
[debug]       Load.apply: mkStreams took 2.5458ms
[info] loading project definition from C:\Users\SANTIAGO DUQUE\Documents\Universidad\2026-1\procesadores\GymSript\project
[debug] Running task... Cancel: Signal, check cycles: false, forcegc: true
[debug]     Load.loadUnit: plugins took 4499.4307ms
[debug]     Load.loadUnit: defsScala took 0.0042ms
[debug] [Loading] Scanning directory C:\Users\SANTIAGO DUQUE\Documents\Universidad\2026-1\procesadores\GymSript
[debug]       Load.loadUnit: mkEval took 5.4972ms
[debug] [Loading] Found root project root w/ remaining 
[debug] deducing auto plugins based on known facts Set(Atom(sbt.plugins.CorePlugin)) and clauses Clauses(Clause(Atom(sbt.plugins.JvmPlugin),Set(Atom(sbt.plugins.IvyPlugin)))
[debug] Clause(Atom(sbt.ScriptedPlugin),Set(Atom(sbt.plugins.JvmPlugin)))
[debug] Clause(Atom(sbt.plugins.SbtPlugin),Set(Atom(sbt.ScriptedPlugin)))
[debug] Clause(Atom(sbt.plugins.SemanticdbPlugin),Set(Atom(sbt.plugins.JvmPlugin)))
[debug] Clause(Atom(sbt.plugins.JUnitXmlReportPlugin),Set(Atom(sbt.plugins.JvmPlugin)))
[debug] Clause(Atom(sbt.plugins.MiniDependencyTreePlugin),Set(Atom(sbt.plugins.JvmPlugin)))
[debug] Clause(Atom(sbt.plugins.CorePlugin),Set(Atom(sbt.plugins.IvyPlugin)))
[debug] Clause(Atom(sbt.plugins.IvyPlugin),Set(Atom(sbt.plugins.JvmPlugin)))
[debug] Clause(Atom(sbt.plugins.JvmPlugin),Set(Atom(sbt.plugins.SemanticdbPlugin)))
[debug] Clause(Atom(sbt.plugins.JvmPlugin),Set(Atom(sbt.plugins.JUnitXmlReportPlugin)))
[debug] Clause(Atom(sbt.plugins.CorePlugin),Set(Atom(sbt.plugins.Giter8TemplatePlugin)))
[debug] Clause(Atom(sbt.plugins.JvmPlugin),Set(Atom(sbt.plugins.MiniDependencyTreePlugin))))
[debug]   :: deduced result: Matched(sbt.plugins.CorePlugin,sbt.plugins.Giter8TemplatePlugin,sbt.plugins.IvyPlugin,sbt.plugins.JvmPlugin,sbt.plugins.MiniDependencyTreePlugin,sbt.plugins.JUnitXmlReportPlugin,sbt.plugins.SemanticdbPlugin)
[debug] Plugins.deducer#function took 4.0021 ms
[info] loading settings for project root from build.sbt...
[debug]         Load.resolveProject(root) took 4.7677ms
[debug]       Load.loadTransitive: finalizeProject(Project(id root, base: C:\Users\SANTIAGO DUQUE\Documents\Universidad\2026-1\procesadores\GymSript, plugins: List(<none>))) took 10.3011ms
[debug] [Loading] Done in C:\Users\SANTIAGO DUQUE\Documents\Universidad\2026-1\procesadores\GymSript, returning: (root)
[debug]     Load.loadUnit: loadedProjectsRaw took 286.6526ms
[debug]     Load.loadUnit: cleanEvalClasses took 23.8106ms
[debug]   Load.loadUnit(file:/C:/Users/SANTIAGO%20DUQUE/Documents/Universidad/2026-1/procesadores/GymSript/, ...) took 4819.7123ms
[debug] Load.apply: load took 4858.8491ms
[debug] Load.apply: resolveProjects took 0.2187ms
[debug] Load.apply: finalTransforms took 30.3514ms
[debug] Load.apply: config.delegates took 0.672ms
[debug] Load.apply: Def.make(settings)... took 464.8126ms
[debug] Load.apply: structureIndex took 52.8874ms
[debug] Load.apply: mkStreams took 0.0032ms
[info] set current project to gym-script (in build file:/C:/Users/SANTIAGO%20DUQUE/Documents/Universidad/2026-1/procesadores/GymSript/)
[debug] Running task... Cancel: Signal, check cycles: false, forcegc: true
[debug] > Exec(sbtPopOnFailure, None, None)
[debug] > Exec(resumeFromFailure, None, None)
[debug] > Exec(notifyUsersAboutShell, None, None)
[debug] > Exec(iflast shell, None, None)
[debug] > Exec(run examples/type-errors/invalid-return.gym, None, None)
[debug] Evaluating tasks: Compile / run
[debug] Running task... Cancel: Signal, check cycles: false, forcegc: true
