[debug] > Exec(early(addDefaultCommands), None, None)
[debug] > Exec(addDefaultCommands, None, None)
[debug] > Exec(early(initialize), None, None)
[debug] > Exec(initialize, None, None)
[debug] > Exec(boot, None, None)
[debug] > Exec(writeSbtVersion, None, None)
[debug] > Exec(reload, None, None)
[debug] > Exec(sbtStashOnFailure, None, None)
[debug] > Exec(onFailure loadFailed, None, None)
[debug] > Exec(loadp, None, None)
[info] welcome to sbt 1.12.8 (Amazon.com Inc. Java 21.0.8)
[debug] Load.defaultLoad until apply took 348.4945ms
[debug]           Load.loadUnit: plugins took 399.5968ms
[debug]           Load.loadUnit: defsScala took 0.6389ms
[debug] [Loading] Scanning directory C:\Users\SANTIAGO DUQUE\Documents\Universidad\2026-1\procesadores\GymSript\project
[debug] [Loading] Found non-root projects 
[debug] [Loading] Done in C:\Users\SANTIAGO DUQUE\Documents\Universidad\2026-1\procesadores\GymSript\project, returning: ()
[debug] deducing auto plugins based on known facts Set(Atom(sbt.plugins.CorePlugin)) and clauses Clauses(Clause(Atom(sbt.plugins.JvmPlugin),Set(Atom(sbt.plugins.IvyPlugin)))
[debug] Clause(Atom(sbt.ScriptedPlugin),Set(Atom(sbt.plugins.JvmPlugin)))
[debug] Clause(Atom(sbt.plugins.SbtPlugin),Set(Atom(sbt.ScriptedPlugin)))
[debug] Clause(Atom(sbt.plugins.SemanticdbPlugin),Set(Atom(sbt.plugins.JvmPlugin)))
[debug] Clause(Atom(sbt.plugins.JUnitXmlReportPlugin),Set(Atom(sbt.plugins.JvmPlugin)))
[debug] Clause(Atom(sbt.plugins.MiniDependencyTreePlugin),Set(Atom(sbt.plugins.JvmPlugin)))
[debug] Clause(Atom(sbt.plugins.CorePlugin),Set(Atom(sbt.plugins.IvyPlugin)))
[debug] Clause(Atom(sbt.plugins.IvyPlugin),Set(Atom(sbt.plugins.JvmPlugin)))
[debug] Clause(Atom(sbt.plugins.JvmPlugin),Set(Atom(sbt.plugins.SemanticdbPlugin)))
[debug] Clause(Atom(sbt.plugins.JvmPlugin),Set(Atom(sbt.plugins.JUnitXmlReportPlugin)))
[debug] Clause(Atom(sbt.plugins.CorePlugin),Set(Atom(sbt.plugins.Giter8TemplatePlugin)))
[debug] Clause(Atom(sbt.plugins.JvmPlugin),Set(Atom(sbt.plugins.MiniDependencyTreePlugin))))
[debug]   :: deduced result: Matched(sbt.plugins.CorePlugin,sbt.plugins.Giter8TemplatePlugin,sbt.plugins.IvyPlugin,sbt.plugins.JvmPlugin,sbt.plugins.MiniDependencyTreePlugin,sbt.plugins.JUnitXmlReportPlugin,sbt.plugins.SemanticdbPlugin)
[debug] Plugins.deducer#function took 90.1505 ms
[debug]               Load.resolveProject(gymsript-build) took 142.4413ms
[debug]             Load.loadTransitive: finalizeProject(Project(id gymsript-build, base: C:\Users\SANTIAGO DUQUE\Documents\Universidad\2026-1\procesadores\GymSript\project, plugins: List(<none>))) took 287.1311ms
[debug] [Loading] Done in C:\Users\SANTIAGO DUQUE\Documents\Universidad\2026-1\procesadores\GymSript\project, returning: (gymsript-build)
[debug]           Load.loadUnit: loadedProjectsRaw took 339.0514ms
[debug]           Load.loadUnit: cleanEvalClasses took 0.3866ms
[debug]         Load.loadUnit(file:/C:/Users/SANTIAGO%20DUQUE/Documents/Universidad/2026-1/procesadores/GymSript/project/, ...) took 752.1559ms
[debug]       Load.apply: load took 1103.5174ms
[debug]       Load.apply: resolveProjects took 16.2298ms
[debug]       Load.apply: finalTransforms took 155.172ms
[debug]       Load.apply: config.delegates took 15.117ms
[debug]       Load.apply: Def.make(settings)... took 945.7621ms
[debug]       Load.apply: structureIndex took 198.3398ms
[debug]       Load.apply: mkStreams took 2.2343ms
[info] loading project definition from C:\Users\SANTIAGO DUQUE\Documents\Universidad\2026-1\procesadores\GymSript\project
[debug] Running task... Cancel: Signal, check cycles: false, forcegc: true
[debug]     Load.loadUnit: plugins took 4808.8778ms
[debug]     Load.loadUnit: defsScala took 0.009ms
[debug] [Loading] Scanning directory C:\Users\SANTIAGO DUQUE\Documents\Universidad\2026-1\procesadores\GymSript
[debug]       Load.loadUnit: mkEval took 10.0488ms
[debug] [Loading] Found root project root w/ remaining 
[debug] deducing auto plugins based on known facts Set(Atom(sbt.plugins.CorePlugin)) and clauses Clauses(Clause(Atom(sbt.plugins.JvmPlugin),Set(Atom(sbt.plugins.IvyPlugin)))
[debug] Clause(Atom(sbt.ScriptedPlugin),Set(Atom(sbt.plugins.JvmPlugin)))
[debug] Clause(Atom(sbt.plugins.SbtPlugin),Set(Atom(sbt.ScriptedPlugin)))
[debug] Clause(Atom(sbt.plugins.SemanticdbPlugin),Set(Atom(sbt.plugins.JvmPlugin)))
[debug] Clause(Atom(sbt.plugins.JUnitXmlReportPlugin),Set(Atom(sbt.plugins.JvmPlugin)))
[debug] Clause(Atom(sbt.plugins.MiniDependencyTreePlugin),Set(Atom(sbt.plugins.JvmPlugin)))
[debug] Clause(Atom(sbt.plugins.CorePlugin),Set(Atom(sbt.plugins.IvyPlugin)))
[debug] Clause(Atom(sbt.plugins.IvyPlugin),Set(Atom(sbt.plugins.JvmPlugin)))
[debug] Clause(Atom(sbt.plugins.JvmPlugin),Set(Atom(sbt.plugins.SemanticdbPlugin)))
[debug] Clause(Atom(sbt.plugins.JvmPlugin),Set(Atom(sbt.plugins.JUnitXmlReportPlugin)))
[debug] Clause(Atom(sbt.plugins.CorePlugin),Set(Atom(sbt.plugins.Giter8TemplatePlugin)))
[debug] Clause(Atom(sbt.plugins.JvmPlugin),Set(Atom(sbt.plugins.MiniDependencyTreePlugin))))
[debug]   :: deduced result: Matched(sbt.plugins.CorePlugin,sbt.plugins.Giter8TemplatePlugin,sbt.plugins.IvyPlugin,sbt.plugins.JvmPlugin,sbt.plugins.MiniDependencyTreePlugin,sbt.plugins.JUnitXmlReportPlugin,sbt.plugins.SemanticdbPlugin)
[debug] Plugins.deducer#function took 5.0976 ms
[info] loading settings for project root from build.sbt...
[debug]         Load.resolveProject(root) took 4.8174ms
[debug]       Load.loadTransitive: finalizeProject(Project(id root, base: C:\Users\SANTIAGO DUQUE\Documents\Universidad\2026-1\procesadores\GymSript, plugins: List(<none>))) took 11.5099ms
[debug] [Loading] Done in C:\Users\SANTIAGO DUQUE\Documents\Universidad\2026-1\procesadores\GymSript, returning: (root)
[debug]     Load.loadUnit: loadedProjectsRaw took 317.5564ms
[debug]     Load.loadUnit: cleanEvalClasses took 25.0806ms
[debug]   Load.loadUnit(file:/C:/Users/SANTIAGO%20DUQUE/Documents/Universidad/2026-1/procesadores/GymSript/, ...) took 5155.0015ms
[debug] Load.apply: load took 5208.6919ms
[debug] Load.apply: resolveProjects took 0.1763ms
[debug] Load.apply: finalTransforms took 30.3164ms
[debug] Load.apply: config.delegates took 0.7288ms
[debug] Load.apply: Def.make(settings)... took 270.2697ms
[debug] Load.apply: structureIndex took 85.1424ms
[debug] Load.apply: mkStreams took 0.0026ms
[info] set current project to gym-script (in build file:/C:/Users/SANTIAGO%20DUQUE/Documents/Universidad/2026-1/procesadores/GymSript/)
[debug] Running task... Cancel: Signal, check cycles: false, forcegc: true
[debug] > Exec(sbtPopOnFailure, None, None)
[debug] > Exec(resumeFromFailure, None, None)
[debug] > Exec(notifyUsersAboutShell, None, None)
[debug] > Exec(iflast shell, None, None)
[debug] > Exec(run examples/type-errors/invalid-argument.gym, None, None)
[debug] Evaluating tasks: Compile / run
[debug] Running task... Cancel: Signal, check cycles: false, forcegc: true
